12:17:22 /usr/local/share/dotnet/dotnet:103.2 
12:17:52 /usr/local/share/dotnet/dotnet:121.6 
12:18:22 
12:18:52 
12:19:22 
12:19:52 /Applications/T3:75.0 
12:20:22 
12:20:52 
12:21:22 
12:21:52 
12:22:22 
12:22:52 
12:23:23 
12:23:53 
12:24:23 
12:24:53 
12:25:23 
12:25:53 
12:26:23 
12:26:53 
12:27:23 /sbin/launchd:44.9 
12:27:53 /sbin/launchd:54.0 
12:28:23 
12:28:53 
12:29:24 /sbin/launchd:43.4 
12:29:54 
12:30:24 
12:30:54 
12:31:24 
12:31:54 
12:32:24 
12:32:54 
12:33:24 
12:33:54 
12:34:24 
12:34:54 /usr/libexec/eligibilityd:60.9 
12:35:24 
12:35:55 
12:36:25 
12:36:55 
12:37:25 
12:37:55 
12:38:25 
12:38:55 
12:39:25 
12:39:55 
12:40:25 
12:40:55 
12:41:25 
12:41:55 
12:42:26 
12:42:56 
12:43:26 
12:43:56 
12:44:26 
12:44:56 
12:45:26 
12:45:56 
12:46:26 
12:46:56 
12:47:26 
12:47:56 
12:48:26 
12:48:57 
12:49:27 
12:49:57 
12:50:27 
12:50:57 
12:51:27 
12:51:57 
12:52:27 
12:52:57 
12:53:27 
12:53:57 
12:54:28 
12:54:58 
12:55:28 
12:55:58 
12:56:28 
12:56:58 
12:57:28 /System/Library/PrivateFrameworks/MediaAnalysis.framework/Versions/A/mediaanalysisd:76.8 
12:57:58 /System/Library/PrivateFrameworks/MediaAnalysis.framework/Versions/A/mediaanalysisd:92.9 
12:58:28 
12:58:58 
12:59:28 
12:59:58 
13:00:28 
13:00:58 
13:01:29 
13:01:59 
13:02:29 
13:02:59 
13:03:29 
13:03:59 
13:04:29 
13:04:59 
13:05:29 
13:05:59 
13:06:29 
13:06:59 
13:07:29 
13:08:00 
13:08:30 
13:09:00 
13:09:30 
13:10:00 
13:10:30 
13:11:00 
13:11:30 
13:12:00 
13:12:30 
13:13:00 
13:13:30 
13:14:00 
13:14:31 
13:15:01 
13:15:31 
13:16:01 
13:16:31 
13:17:01 
13:17:31 
13:18:01 
13:18:31 
13:19:01 
13:19:31 
13:20:01 /usr/libexec/airportd:36.3 
13:20:31 
13:21:02 
13:21:32 
13:22:02 
13:22:32 
13:23:02 
13:23:32 
13:24:02 
13:24:32 
13:25:02 
13:25:32 
13:26:02 
13:26:32 
13:27:02 
13:27:33 
13:28:03 
13:28:33 
13:29:03 
13:29:33 
13:30:03 
13:30:33 
13:31:03 
13:31:33 
13:32:03 
13:32:33 
13:33:03 
13:33:33 
13:34:04 
13:34:34 
13:35:04 
13:35:34 
13:36:04 
13:36:34 
13:37:04 
13:37:34 
13:38:04 
13:38:34 
13:39:04 
13:39:34 
13:40:05 
13:40:35 
13:41:05 
13:41:35 
13:42:05 
13:42:35 
13:43:05 
13:43:35 
13:44:05 
13:44:35 
13:45:05 
13:45:35 
13:46:05 
13:46:35 
13:47:06 
13:47:36 
13:48:06 
13:48:36 
13:49:06 
13:49:36 
13:50:06 
13:50:36 
13:51:06 
13:51:36 
13:52:06 
13:52:36 
13:53:06 
13:53:37 
13:54:07 
13:54:37 /System/Library/PrivateFrameworks/MediaAnalysis.framework/Versions/A/mediaanalysisd:92.6 
13:55:07 
13:55:37 
13:56:07 
13:56:37 
13:57:07 
13:57:37 
13:58:07 
13:58:37 
13:59:07 
13:59:37 /System/Library/Frameworks/CoreServices.framework/Versions/A/Frameworks/Metadata.framework/Versions/A/Support/mds:39.6 
14:00:08 
14:00:38 
14:01:08 
14:01:38 
14:02:08 
14:02:38 /System/Library/PrivateFrameworks/Stickers.framework/Support/stickersd:92.0 /System/Library/PrivateFrameworks/ModelCatalogRuntime.framework/Versions/A/modelcatalogd:55.4 
14:03:08 
14:03:38 
14:04:08 
14:04:38 
14:05:08 
14:05:38 
14:06:08 
14:06:38 
14:07:09 
14:07:39 
14:08:09 
14:08:39 
14:09:09 
