basal: basal-1.5-max loaded on the GPU in 39.3s
basal: template prefixes precomputed ([53, 66] tokens)
systemone so-structured-state
systemone so-array-state-en
systemone so-null-and-missing-instructions
systemone so-empty-structures
systemone so-duplicate-descriptions-hide
systemone so-unicode
systemone so-polish-from-instructions
systemone so-ten-options
systemone so-score-two-levels
systemone so-score-one-level
systemone so-eleven-options
systemone so-unknown-type
systemone so-missing-type
systemone cx-01-ticket-fan-out
systemone cx-02-web-agent
systemone cx-03-deadline-decomposed
systemone cx-04-loan-triage
systemone cx-05-guard-check
