12:17:36 export basal-1.5-mini f16-single: Note: No thermal warning level has been recorded Note: No performance warning level has been recorded Note: No CPU power status has been recorded 
12:18:22 export basal-1.5-mini f16-tree: Note: No thermal warning level has been recorded Note: No performance warning level has been recorded Note: No CPU power status has been recorded 
12:19:06 export basal-1.5-mini f32: Note: No thermal warning level has been recorded Note: No performance warning level has been recorded Note: No CPU power status has been recorded 
12:19:58 upstream export basal-1.5-mini mlx: Note: No thermal warning level has been recorded Note: No performance warning level has been recorded Note: No CPU power status has been recorded 
12:21:21 upstream export basal-1.5-mini mlx-q8: Note: No thermal warning level has been recorded Note: No performance warning level has been recorded Note: No CPU power status has been recorded 
12:22:37 bench rust basal-1.5-mini 1: Note: No thermal warning level has been recorded Note: No performance warning level has been recorded Note: No CPU power status has been recorded 
12:23:34 bench upstream basal-1.5-mini 1: Note: No thermal warning level has been recorded Note: No performance warning level has been recorded Note: No CPU power status has been recorded 
12:25:27 bench upstream basal-1.5-mini 2: Note: No thermal warning level has been recorded Note: No performance warning level has been recorded Note: No CPU power status has been recorded 
12:27:21 bench rust basal-1.5-mini 2: Note: No thermal warning level has been recorded Note: No performance warning level has been recorded Note: No CPU power status has been recorded 
12:28:18 export basal-1.5-4.5B f16-single: Note: No thermal warning level has been recorded Note: No performance warning level has been recorded Note: No CPU power status has been recorded 
12:29:41 export basal-1.5-4.5B f16-tree: Note: No thermal warning level has been recorded Note: No performance warning level has been recorded Note: No CPU power status has been recorded 
12:30:52 export basal-1.5-4.5B f32: Note: No thermal warning level has been recorded Note: No performance warning level has been recorded Note: No CPU power status has been recorded 
12:32:25 upstream export basal-1.5-4.5B mlx: Note: No thermal warning level has been recorded Note: No performance warning level has been recorded Note: No CPU power status has been recorded 
12:34:52 upstream export basal-1.5-4.5B mlx-q8: Note: No thermal warning level has been recorded Note: No performance warning level has been recorded Note: No CPU power status has been recorded 
12:37:33 bench rust basal-1.5-4.5B 1: Note: No thermal warning level has been recorded Note: No performance warning level has been recorded Note: No CPU power status has been recorded 
12:39:21 bench upstream basal-1.5-4.5B 1: Note: No thermal warning level has been recorded Note: No performance warning level has been recorded Note: No CPU power status has been recorded 
12:43:49 bench upstream basal-1.5-4.5B 2: Note: No thermal warning level has been recorded Note: No performance warning level has been recorded Note: No CPU power status has been recorded 
12:48:17 bench rust basal-1.5-4.5B 2: Note: No thermal warning level has been recorded Note: No performance warning level has been recorded Note: No CPU power status has been recorded 
12:50:05 export basal-1.5-max f16-single: Note: No thermal warning level has been recorded Note: No performance warning level has been recorded Note: No CPU power status has been recorded 
12:51:58 export basal-1.5-max f16-tree: Note: No thermal warning level has been recorded Note: No performance warning level has been recorded Note: No CPU power status has been recorded 
12:53:41 upstream export basal-1.5-max mlx: Note: No thermal warning level has been recorded Note: No performance warning level has been recorded Note: No CPU power status has been recorded 
12:59:00 upstream export basal-1.5-max mlx-q8: Note: No thermal warning level has been recorded Note: No performance warning level has been recorded Note: No CPU power status has been recorded 
13:04:46 bench rust basal-1.5-max 1: Note: No thermal warning level has been recorded Note: No performance warning level has been recorded Note: No CPU power status has been recorded 
13:08:44 bench upstream basal-1.5-max 1: Note: No thermal warning level has been recorded Note: No performance warning level has been recorded Note: No CPU power status has been recorded 
13:18:49 bench upstream basal-1.5-max 2: Note: No thermal warning level has been recorded Note: No performance warning level has been recorded Note: No CPU power status has been recorded 
13:28:56 bench rust basal-1.5-max 2: Note: No thermal warning level has been recorded Note: No performance warning level has been recorded Note: No CPU power status has been recorded 
13:32:43 upstream export basal-1.5-mini mlx-f16: Note: No thermal warning level has been recorded Note: No performance warning level has been recorded Note: No CPU power status has been recorded 
13:33:53 bench rust basal-1.5-mini 3: Note: No thermal warning level has been recorded Note: No performance warning level has been recorded Note: No CPU power status has been recorded 
13:34:51 bench upstream f16 basal-1.5-mini 1: Note: No thermal warning level has been recorded Note: No performance warning level has been recorded Note: No CPU power status has been recorded 
13:35:55 bench upstream f16 basal-1.5-mini 2: Note: No thermal warning level has been recorded Note: No performance warning level has been recorded Note: No CPU power status has been recorded 
13:37:00 bench rust basal-1.5-mini 4: Note: No thermal warning level has been recorded Note: No performance warning level has been recorded Note: No CPU power status has been recorded 
13:37:57 upstream export basal-1.5-4.5B mlx-f16: Note: No thermal warning level has been recorded Note: No performance warning level has been recorded Note: No CPU power status has been recorded 
13:40:14 bench rust basal-1.5-4.5B 3: Note: No thermal warning level has been recorded Note: No performance warning level has been recorded Note: No CPU power status has been recorded 
13:42:02 bench upstream f16 basal-1.5-4.5B 1: Note: No thermal warning level has been recorded Note: No performance warning level has been recorded Note: No CPU power status has been recorded 
13:44:08 bench upstream f16 basal-1.5-4.5B 2: Note: No thermal warning level has been recorded Note: No performance warning level has been recorded Note: No CPU power status has been recorded 
13:46:13 bench rust basal-1.5-4.5B 4: Note: No thermal warning level has been recorded Note: No performance warning level has been recorded Note: No CPU power status has been recorded 
13:48:01 upstream export basal-1.5-max mlx-f16: Note: No thermal warning level has been recorded Note: No performance warning level has been recorded Note: No CPU power status has been recorded 
13:52:51 bench rust basal-1.5-max 3: Note: No thermal warning level has been recorded Note: No performance warning level has been recorded Note: No CPU power status has been recorded 
13:56:50 bench upstream f16 basal-1.5-max 1: Note: No thermal warning level has been recorded Note: No performance warning level has been recorded Note: No CPU power status has been recorded 
14:01:24 bench upstream f16 basal-1.5-max 2: Note: No thermal warning level has been recorded Note: No performance warning level has been recorded Note: No CPU power status has been recorded 
14:05:58 bench rust basal-1.5-max 4: Note: No thermal warning level has been recorded Note: No performance warning level has been recorded Note: No CPU power status has been recorded 
