basal: basal-1.5-mini loaded on the GPU in 3.6s
basal: 100 GEMM classes from /base/.cache/gemm/basal-1.5-mini-f16.json
basal: template prefixes precomputed ([53, 66] tokens)
systemone so-structured-state
systemone so-array-state-en
systemone so-null-and-missing-instructions
systemone so-empty-structures
systemone so-duplicate-descriptions-hide
systemone so-unicode
systemone so-polish-from-instructions
systemone so-ten-options
systemone so-score-two-levels
systemone so-score-one-level
systemone so-eleven-options
systemone so-unknown-type
systemone so-missing-type
systemone m15-multi-pl
systemone m15-multi-en-list
systemone m15-multi-min
systemone m15-act-short
systemone m15-act-full
systemone m15-act-maxerr-005
systemone m15-act-no-threshold
systemone m15-mixed
systemone m15-evidence-noul
systemone m15-evidence-choice-en
systemone m15-evidence-score-act
systemone m15-evidence-long
systemone m15-facts-dates
systemone m15-facts-amounts
systemone m15-facts-euro-evidence
systemone m15-facts-none
systemone cx-01-ticket-fan-out
systemone cx-02-web-agent
systemone cx-03-deadline-decomposed
systemone cx-04-loan-triage
systemone cx-05-guard-check
