basal: basal-1.5-4.5B loaded on the GPU in 13.1s
basal: 100 GEMM classes from out/gemm/table-4.5B-old.json
basal: template prefixes precomputed ([53, 66] tokens)
host-timing rows 20 prepare 0.383 ms enqueue 100.187 ms wait 0.047 ms
host-timing rows 12 prepare 0.369 ms enqueue 72.729 ms wait 0.029 ms
host-timing rows 4 prepare 0.028 ms enqueue 27.337 ms wait 0.030 ms
host-timing rows 8 prepare 0.052 ms enqueue 6.910 ms wait 45.902 ms
host-timing rows 1 prepare 0.009 ms enqueue 4.783 ms wait 9.265 ms
host-timing rows 1 prepare 0.009 ms enqueue 4.294 ms wait 9.852 ms
host-timing rows 1 prepare 0.006 ms enqueue 2.883 ms wait 9.455 ms
host-timing rows 1 prepare 0.007 ms enqueue 2.951 ms wait 9.208 ms
host-timing rows 1 prepare 0.007 ms enqueue 2.926 ms wait 9.194 ms
host-timing rows 1 prepare 0.008 ms enqueue 2.916 ms wait 9.338 ms
host-timing rows 1 prepare 0.007 ms enqueue 2.873 ms wait 9.135 ms
host-timing rows 1 prepare 0.007 ms enqueue 2.918 ms wait 9.246 ms
host-timing rows 1 prepare 0.006 ms enqueue 2.908 ms wait 8.622 ms
host-timing rows 1 prepare 0.008 ms enqueue 2.892 ms wait 9.007 ms
host-timing rows 1 prepare 0.006 ms enqueue 2.875 ms wait 8.627 ms
host-timing rows 1 prepare 0.007 ms enqueue 2.911 ms wait 8.984 ms
host-timing rows 1 prepare 0.007 ms enqueue 2.985 ms wait 8.767 ms
host-timing rows 1 prepare 0.010 ms enqueue 2.955 ms wait 9.239 ms
host-timing rows 1 prepare 0.007 ms enqueue 2.864 ms wait 8.874 ms
host-timing rows 1 prepare 0.007 ms enqueue 2.971 ms wait 9.226 ms
host-timing rows 1 prepare 0.007 ms enqueue 2.922 ms wait 9.060 ms
host-timing rows 1 prepare 0.008 ms enqueue 8.906 ms wait 9.578 ms
host-timing rows 1 prepare 0.009 ms enqueue 2.887 ms wait 9.119 ms
host-timing rows 1 prepare 0.008 ms enqueue 3.042 ms wait 9.721 ms
host-timing rows 1 prepare 0.006 ms enqueue 2.880 ms wait 8.537 ms
host-timing rows 1 prepare 0.008 ms enqueue 2.875 ms wait 8.993 ms
host-timing rows 1 prepare 0.006 ms enqueue 2.883 ms wait 8.516 ms
host-timing rows 1 prepare 0.007 ms enqueue 2.898 ms wait 8.977 ms
host-timing rows 1 prepare 0.007 ms enqueue 2.892 ms wait 9.129 ms
host-timing rows 1 prepare 0.008 ms enqueue 3.045 ms wait 9.647 ms
host-timing rows 1 prepare 0.007 ms enqueue 2.867 ms wait 9.162 ms
host-timing rows 1 prepare 0.008 ms enqueue 3.059 ms wait 9.649 ms
host-timing rows 1 prepare 0.007 ms enqueue 2.886 ms wait 8.503 ms
host-timing rows 1 prepare 0.007 ms enqueue 2.867 ms wait 8.954 ms
host-timing rows 1 prepare 0.006 ms enqueue 2.851 ms wait 8.531 ms
host-timing rows 1 prepare 0.008 ms enqueue 2.848 ms wait 8.936 ms
host-timing rows 1 prepare 0.007 ms enqueue 2.899 ms wait 8.493 ms
host-timing rows 1 prepare 0.007 ms enqueue 2.872 ms wait 9.041 ms
host-timing rows 1 prepare 0.007 ms enqueue 2.858 ms wait 8.533 ms
host-timing rows 1 prepare 0.008 ms enqueue 2.894 ms wait 8.998 ms
host-timing rows 1 prepare 0.006 ms enqueue 2.909 ms wait 8.526 ms
host-timing rows 1 prepare 0.011 ms enqueue 3.076 ms wait 9.332 ms
host-timing rows 1 prepare 0.007 ms enqueue 2.865 ms wait 8.585 ms
host-timing rows 1 prepare 0.008 ms enqueue 3.045 ms wait 9.366 ms
host-timing rows 1 prepare 0.008 ms enqueue 2.875 ms wait 9.262 ms
host-timing rows 1 prepare 0.009 ms enqueue 3.006 ms wait 9.955 ms
host-timing rows 1 prepare 0.007 ms enqueue 2.897 ms wait 9.222 ms
host-timing rows 1 prepare 0.009 ms enqueue 3.117 ms wait 9.857 ms
host-timing rows 1 prepare 0.008 ms enqueue 2.929 ms wait 8.506 ms
host-timing rows 1 prepare 0.010 ms enqueue 2.922 ms wait 9.103 ms
host-timing rows 1 prepare 0.007 ms enqueue 2.864 ms wait 8.572 ms
host-timing rows 1 prepare 0.009 ms enqueue 2.903 ms wait 9.120 ms
host-timing rows 1 prepare 0.006 ms enqueue 2.908 ms wait 8.233 ms
host-timing rows 1 prepare 0.009 ms enqueue 2.929 ms wait 8.658 ms
host-timing rows 1 prepare 0.006 ms enqueue 2.871 ms wait 8.249 ms
host-timing rows 1 prepare 0.007 ms enqueue 2.878 ms wait 8.723 ms
host-timing rows 1 prepare 0.008 ms enqueue 2.897 ms wait 8.567 ms
host-timing rows 1 prepare 0.008 ms enqueue 2.894 ms wait 9.153 ms
host-timing rows 1 prepare 0.008 ms enqueue 2.873 ms wait 8.589 ms
host-timing rows 1 prepare 0.009 ms enqueue 2.924 ms wait 9.131 ms
host-timing rows 1 prepare 0.006 ms enqueue 2.879 ms wait 8.879 ms
host-timing rows 1 prepare 0.007 ms enqueue 2.886 ms wait 9.190 ms
host-timing rows 1 prepare 0.007 ms enqueue 2.871 ms wait 8.892 ms
host-timing rows 1 prepare 0.008 ms enqueue 2.909 ms wait 9.170 ms
host-timing rows 1 prepare 0.006 ms enqueue 2.932 ms wait 8.971 ms
host-timing rows 1 prepare 0.008 ms enqueue 2.870 ms wait 9.156 ms
host-timing rows 1 prepare 0.006 ms enqueue 2.873 ms wait 9.020 ms
host-timing rows 1 prepare 0.007 ms enqueue 2.896 ms wait 9.133 ms
host-timing rows 1 prepare 0.006 ms enqueue 2.866 ms wait 8.599 ms
host-timing rows 1 prepare 0.010 ms enqueue 2.896 ms wait 9.174 ms
host-timing rows 1 prepare 0.006 ms enqueue 2.855 ms wait 8.612 ms
host-timing rows 1 prepare 0.007 ms enqueue 2.938 ms wait 9.132 ms
host-timing rows 1 prepare 0.007 ms enqueue 2.868 ms wait 8.991 ms
host-timing rows 1 prepare 0.009 ms enqueue 2.905 ms wait 9.247 ms
host-timing rows 1 prepare 0.006 ms enqueue 2.865 ms wait 9.000 ms
host-timing rows 1 prepare 0.008 ms enqueue 2.950 ms wait 9.206 ms
host-timing rows 1 prepare 0.007 ms enqueue 2.876 ms wait 9.108 ms
host-timing rows 1 prepare 0.009 ms enqueue 3.045 ms wait 9.750 ms
host-timing rows 1 prepare 0.006 ms enqueue 2.849 ms wait 9.148 ms
host-timing rows 1 prepare 0.009 ms enqueue 3.058 ms wait 9.721 ms
host-timing rows 1 prepare 0.006 ms enqueue 2.885 ms wait 8.544 ms
host-timing rows 1 prepare 0.008 ms enqueue 2.863 ms wait 8.989 ms
host-timing rows 1 prepare 0.006 ms enqueue 2.850 ms wait 8.594 ms
host-timing rows 1 prepare 0.007 ms enqueue 2.874 ms wait 8.964 ms
host-timing rows 1 prepare 0.008 ms enqueue 2.834 ms wait 8.649 ms
host-timing rows 1 prepare 0.009 ms enqueue 2.882 ms wait 8.963 ms
host-timing rows 1 prepare 0.007 ms enqueue 2.884 ms wait 8.587 ms
host-timing rows 1 prepare 0.009 ms enqueue 2.976 ms wait 8.842 ms
host-timing rows 1 prepare 0.006 ms enqueue 2.916 ms wait 8.244 ms
host-timing rows 1 prepare 0.009 ms enqueue 2.844 ms wait 8.772 ms
host-timing rows 1 prepare 0.006 ms enqueue 2.841 ms wait 8.338 ms
host-timing rows 1 prepare 0.008 ms enqueue 2.856 ms wait 8.785 ms
host-timing rows 1 prepare 0.007 ms enqueue 2.899 ms wait 9.027 ms
host-timing rows 1 prepare 0.008 ms enqueue 3.061 ms wait 9.629 ms
host-timing rows 1 prepare 0.006 ms enqueue 2.890 ms wait 9.041 ms
host-timing rows 1 prepare 0.008 ms enqueue 3.054 ms wait 9.649 ms
host-timing rows 1 prepare 0.006 ms enqueue 2.848 ms wait 9.098 ms
host-timing rows 1 prepare 0.008 ms enqueue 2.904 ms wait 9.334 ms
host-timing rows 1 prepare 0.007 ms enqueue 2.853 ms wait 9.075 ms
host-timing rows 1 prepare 0.006 ms enqueue 2.900 ms wait 9.335 ms
host-timing rows 1 prepare 0.006 ms enqueue 2.889 ms wait 8.364 ms
host-timing rows 1 prepare 0.010 ms enqueue 2.863 ms wait 8.805 ms
host-timing rows 1 prepare 0.006 ms enqueue 2.856 ms wait 8.384 ms
host-timing rows 1 prepare 0.007 ms enqueue 2.864 ms wait 8.811 ms
host-timing rows 10 prepare 0.057 ms enqueue 3.725 ms wait 45.699 ms
host-timing rows 6 prepare 0.045 ms enqueue 5.410 ms wait 32.013 ms
host-timing rows 10 prepare 0.160 ms enqueue 3.708 ms wait 48.542 ms
host-timing rows 6 prepare 0.044 ms enqueue 3.480 ms wait 34.222 ms
host-timing rows 10 prepare 0.061 ms enqueue 3.893 ms wait 48.954 ms
host-timing rows 6 prepare 0.048 ms enqueue 3.449 ms wait 34.186 ms
host-timing rows 4 prepare 0.027 ms enqueue 3.262 ms wait 22.016 ms
host-timing rows 8 prepare 0.059 ms enqueue 3.590 ms wait 47.155 ms
host-timing rows 10 prepare 0.057 ms enqueue 3.715 ms wait 49.786 ms
host-timing rows 6 prepare 0.049 ms enqueue 3.482 ms wait 34.107 ms
host-timing rows 10 prepare 0.060 ms enqueue 3.676 ms wait 48.385 ms
host-timing rows 6 prepare 0.049 ms enqueue 3.431 ms wait 34.019 ms
host-timing rows 4 prepare 0.027 ms enqueue 3.265 ms wait 21.947 ms
host-timing rows 8 prepare 0.056 ms enqueue 3.630 ms wait 46.915 ms
host-timing rows 10 prepare 0.059 ms enqueue 3.748 ms wait 50.287 ms
host-timing rows 6 prepare 0.046 ms enqueue 3.523 ms wait 34.229 ms
host-timing rows 10 prepare 0.060 ms enqueue 3.774 ms wait 49.529 ms
host-timing rows 6 prepare 0.046 ms enqueue 3.460 ms wait 34.426 ms
host-timing rows 4 prepare 0.035 ms enqueue 3.277 ms wait 21.686 ms
host-timing rows 8 prepare 0.057 ms enqueue 3.581 ms wait 48.400 ms
lat2 median 12.3 ms, p95 13.3 ms, lat1 11.8 ms, 164.869 dec/s, acc 0.7954545454545454, GEMM probe {"before":366.70412667501796,"after":349.6269690801589}
