basal: basal-1.5-4.5B loaded on the GPU in 11.4s
basal: template prefixes precomputed ([53, 66] tokens)
n=11: {"n":88,"correct":71,"accuracy":0.8068181818181818,"nll":0.8967239488743582,"brier":0.35752855049803567,"ece_10bin":0.15059827269522652}
n=20: {"n":88,"correct":71,"accuracy":0.8068181818181818,"nll":0.9898275316674561,"brier":0.3843648518777829,"ece_10bin":0.165719185128463}
n=40: {"n":88,"correct":66,"accuracy":0.75,"nll":1.33850829975818,"brier":0.4788265674214623,"ece_10bin":0.21328491255394555}
n=100: {"n":60,"correct":36,"accuracy":0.6,"nll":1.8917312870812448,"brier":0.62288866159731,"ece_10bin":0.21929379939923188}
[
  {
    "n": 11,
    "evaluated": 88,
    "quality": {
      "n": 88,
      "correct": 71,
      "accuracy": 0.8068181818181818,
      "nll": 0.8967239488743582,
      "brier": 0.35752855049803567,
      "ece_10bin": 0.15059827269522652
    },
    "restricted_argmax_agrees_with_direct": "85/88",
    "tv_restricted_vs_direct": {
      "n": 88,
      "max": 0.2375563894941828,
      "p50": 0.007981664235436572,
      "p95": 0.17319756225895266,
      "p99": 0.2375563894941828,
      "mean": 0.03590709757259835
    },
    "mass_on_original_options": {
      "n": 88,
      "max": 0.9945866245809841,
      "p50": 0.9266180208947269,
      "p95": 0.9916325913512769,
      "p99": 0.9945866245809841,
      "mean": 0.8683558075830653
    },
    "winner_same_across_seeds": "43/44",
    "ms_per_question": {
      "n": 88,
      "max": 1272.89825,
      "p50": 1122.511209,
      "p95": 1259.376583,
      "p99": 1272.89825,
      "mean": 1108.4818764318181
    },
    "tokens_per_question": {
      "n": 88,
      "max": 824.0,
      "p50": 698.5,
      "p95": 796.0,
      "p99": 824.0,
      "mean": 705.7045454545455
    },
    "prompts_per_question": {
      "n": 88,
      "max": 10.0,
      "p50": 10.0,
      "p95": 10.0,
      "p99": 10.0,
      "mean": 10.0
    }
  },
  {
    "n": 20,
    "evaluated": 88,
    "quality": {
      "n": 88,
      "correct": 71,
      "accuracy": 0.8068181818181818,
      "nll": 0.9898275316674561,
      "brier": 0.3843648518777829,
      "ece_10bin": 0.165719185128463
    },
    "restricted_argmax_agrees_with_direct": "85/88",
    "tv_restricted_vs_direct": {
      "n": 88,
      "max": 0.5060706836994671,
      "p50": 0.009756844473705317,
      "p95": 0.22065785111420363,
      "p99": 0.5060706836994671,
      "mean": 0.04806077518803828
    },
    "mass_on_original_options": {
      "n": 88,
      "max": 0.9853951820238864,
      "p50": 0.7964407344496123,
      "p95": 0.9727847612541582,
      "p99": 0.9853951820238864,
      "mean": 0.7728340295245295
    },
    "winner_same_across_seeds": "43/44",
    "ms_per_question": {
      "n": 88,
      "max": 1586.8104170000001,
      "p50": 1401.897375,
      "p95": 1525.234875,
      "p99": 1586.8104170000001,
      "mean": 1402.0747254204546
    },
    "tokens_per_question": {
      "n": 88,
      "max": 1147.0,
      "p50": 990.5,
      "p95": 1096.0,
      "p99": 1147.0,
      "mean": 995.0
    },
    "prompts_per_question": {
      "n": 88,
      "max": 10.0,
      "p50": 10.0,
      "p95": 10.0,
      "p99": 10.0,
      "mean": 10.0
    }
  },
  {
    "n": 40,
    "evaluated": 88,
    "quality": {
      "n": 88,
      "correct": 66,
      "accuracy": 0.75,
      "nll": 1.33850829975818,
      "brier": 0.4788265674214623,
      "ece_10bin": 0.21328491255394555
    },
    "restricted_argmax_agrees_with_direct": "85/88",
    "tv_restricted_vs_direct": {
      "n": 88,
      "max": 0.41408366669101504,
      "p50": 0.009147143098407352,
      "p95": 0.2690472839653813,
      "p99": 0.41408366669101504,
      "mean": 0.04823109878638574
    },
    "mass_on_original_options": {
      "n": 88,
      "max": 0.9679364038255424,
      "p50": 0.5982917716743399,
      "p95": 0.9518019494779344,
      "p99": 0.9679364038255424,
      "mean": 0.60889796036511
    },
    "winner_same_across_seeds": "40/44",
    "ms_per_question": {
      "n": 88,
      "max": 2501.7350829999996,
      "p50": 2247.766229,
      "p95": 2381.8581249999997,
      "p99": 2501.7350829999996,
      "mean": 2258.0860188636366
    },
    "tokens_per_question": {
      "n": 88,
      "max": 2035.0,
      "p50": 1854.0,
      "p95": 1979.0,
      "p99": 2035.0,
      "mean": 1862.9431818181818
    },
    "prompts_per_question": {
      "n": 88,
      "max": 18.0,
      "p50": 18.0,
      "p95": 18.0,
      "p99": 18.0,
      "mean": 18.0
    }
  },
  {
    "n": 100,
    "evaluated": 60,
    "quality": {
      "n": 60,
      "correct": 36,
      "accuracy": 0.6,
      "nll": 1.8917312870812448,
      "brier": 0.62288866159731,
      "ece_10bin": 0.21929379939923188
    },
    "restricted_argmax_agrees_with_direct": "59/60",
    "tv_restricted_vs_direct": {
      "n": 60,
      "max": 0.36091228452166535,
      "p50": 0.018400210035930138,
      "p95": 0.31664405534693635,
      "p99": 0.36091228452166535,
      "mean": 0.07310134366486519
    },
    "mass_on_original_options": {
      "n": 60,
      "max": 0.9457646398951303,
      "p50": 0.38337207840850585,
      "p95": 0.8781067304595674,
      "p99": 0.9457646398951303,
      "mean": 0.42295881811338376
    },
    "winner_same_across_seeds": "26/30",
    "ms_per_question": {
      "n": 60,
      "max": 5084.706375,
      "p50": 4906.084667,
      "p95": 5053.7155,
      "p99": 5084.706375,
      "mean": 4906.060713100001
    },
    "tokens_per_question": {
      "n": 60,
      "max": 4639.0,
      "p50": 4511.5,
      "p95": 4611.0,
      "p99": 4639.0,
      "mean": 4508.866666666667
    },
    "prompts_per_question": {
      "n": 60,
      "max": 42.0,
      "p50": 42.0,
      "p95": 42.0,
      "p99": 42.0,
      "mean": 42.0
    }
  }
]
