Using CPython 3.10.12 interpreter at: /usr/bin/python3
Creating virtual environment at: /work/.venv-up
   Building basal @ file:///work/.baseline/upstream-1.5
Downloading nvidia-nccl-cu13 (196.4MiB)
Downloading nvidia-cublas (403.5MiB)
Downloading nvidia-cufft (204.2MiB)
Downloading nvidia-cuda-nvrtc (86.0MiB)
Downloading nvidia-curand (56.8MiB)
Downloading tokenizers (3.2MiB)
Downloading networkx (1.6MiB)
Downloading nvidia-cufile (1.2MiB)
Downloading nvidia-cusparse (139.2MiB)
Downloading nvidia-cusolver (191.6MiB)
Downloading nvidia-nvshmem-cu13 (57.6MiB)
Downloading transformers (11.7MiB)
Downloading torch (502.2MiB)
Downloading cuda-bindings (6.8MiB)
Downloading nvidia-cusparselt-cu13 (162.3MiB)
Downloading nvidia-nvjitlink (40.5MiB)
Downloading setuptools (1.0MiB)
Downloading pygments (1.2MiB)
Downloading nvidia-cudnn-cu13 (349.2MiB)
Downloading triton (188.4MiB)
Downloading uvloop (3.5MiB)
Downloading hf-xet (4.3MiB)
Downloading nvidia-cuda-cupti (10.2MiB)
Downloading nvidia-cuda-runtime (2.1MiB)
Downloading sympy (6.0MiB)
Downloading numpy (16.0MiB)
 Downloaded setuptools
 Downloaded pygments
 Downloaded nvidia-cufile
 Downloaded networkx
 Downloaded nvidia-cuda-runtime
 Downloaded tokenizers
 Downloaded uvloop
 Downloaded hf-xet
 Downloaded sympy
 Downloaded cuda-bindings
 Downloaded nvidia-cuda-cupti
 Downloaded transformers
 Downloaded numpy
      Built basal @ file:///work/.baseline/upstream-1.5
 Downloaded nvidia-nvjitlink
 Downloaded nvidia-nvshmem-cu13
 Downloaded nvidia-curand
 Downloaded nvidia-cuda-nvrtc
 Downloaded nvidia-cusparselt-cu13
 Downloaded nvidia-cusparse
 Downloaded nvidia-nccl-cu13
 Downloaded nvidia-cusolver
 Downloaded triton
 Downloaded nvidia-cufft
 Downloaded nvidia-cudnn-cu13
 Downloaded nvidia-cublas
 Downloaded torch
Prepared 65 packages in 6.56s
Installed 65 packages in 147ms
 + accelerate==1.15.0
 + annotated-doc==0.0.5
 + anyio==4.15.1
 + basal==1.5.0 (from file:///work/.baseline/upstream-1.5)
 + certifi==2026.7.22
 + click==8.5.0
 + cuda-bindings==13.4.3
 + cuda-pathfinder==1.8.2
 + cuda-toolkit==13.0.3.0
 + exceptiongroup==1.3.1
 + filelock==4.0.4
 + fsspec==2026.9.0
 + h11==0.16.0
 + hf-xet==1.6.0
 + httpcore==1.0.9
 + httptools==0.8.0
 + httpx==0.28.1
 + huggingface-hub==1.33.0
 + idna==3.20
 + jinja2==3.1.6
 + markdown-it-py==4.2.0
 + markupsafe==3.0.3
 + mdurl==0.1.2
 + mpmath==1.3.0
 + networkx==3.4.2
 + numpy==2.2.6
 + nvidia-cublas==13.1.1.3
 + nvidia-cuda-cupti==13.0.85
 + nvidia-cuda-nvrtc==13.0.88
 + nvidia-cuda-runtime==13.0.96
 + nvidia-cudnn-cu13==9.20.0.48
 + nvidia-cufft==12.0.0.61
 + nvidia-cufile==1.15.1.6
 + nvidia-curand==10.4.0.35
 + nvidia-cusolver==12.0.4.66
 + nvidia-cusparse==12.6.3.3
 + nvidia-cusparselt-cu13==0.8.1
 + nvidia-nccl-cu13==2.29.7
 + nvidia-nvjitlink==13.4.92
 + nvidia-nvshmem-cu13==3.4.5
 + nvidia-nvtx==13.0.85
 + packaging==26.3
 + psutil==7.2.2
 + pygments==2.21.0
 + python-dotenv==1.2.3
 + pyyaml==6.0.3
 + regex==2026.9.10
 + rich==15.0.0
 + safetensors==0.8.0
 + setuptools==80.10.2
 + shellingham==1.5.4
 + starlette==1.7.0
 + sympy==1.14.0
 + tokenizers==0.23.2
 + tomli==2.4.1
 + torch==2.13.0
 + tqdm==4.70.1
 + transformers==5.17.0
 + triton==3.7.1
 + typer==0.27.2
 + typing-extensions==4.16.0
 + uvicorn==0.54.0
 + uvloop==0.22.1
 + watchfiles==1.3.0
 + websockets==16.1.1
{
 "gpu_query": "name,driver_version,compute_cap,memory.total,power.limit,power.max_limit,clocks.max.sm,clocks.max.memory,pcie.link.gen.max",
 "gpu": "NVIDIA RTX 6000 Ada Generation, 580.126.09, 8.9, 49140 MiB, 300.00 W, 300.00 W, 3105 MHz, 10001 MHz, 4",
 "cpu": "Intel(R) Xeon(R) Gold 6338 CPU @ 2.00GHz",
 "cpus": 12,
 "kernel": "6.8.0-90-generic",
 "basal": "basal 0.1.4 (db87ea04, CUDA, kernels for compute capability 80,89,90)"
}
=== basal-1.5-mini basal-rs 15:51:47
=== basal-1.5-mini upstream 15:54:54
=== basal-1.5-4.5B basal-rs 16:00:08
=== basal-1.5-4.5B upstream 16:06:29
=== basal-1.5-max basal-rs 16:17:02
=== basal-1.5-max upstream 16:32:03
DONE
